exports[`<FeatureEdit /> renders correctly 1`] = `
<ScrollView
  style={
    Object {
      "backgroundColor": "#e4e7ec",
      "flex": 1,
      "marginTop": 0,
      "padding": 10
    }
  }>
  <View
    style={Object {}}>
    <View
      style={
        Object {
          "marginBottom": 10
        }
      }>
      <Text
        style={
          Object {
            "color": "#000000",
            "fontSize": 17,
            "fontWeight": "500",
            "marginBottom": 7
          }
        }>
        team
      </Text>
      <TextInput
        accessibilityLabel="team"
        autoCapitalize={undefined}
        autoCorrect={undefined}
        autoFocus={undefined}
        blurOnSubmit={undefined}
        clearButtonMode={undefined}
        clearTextOnFocus={undefined}
        editable={undefined}
        enablesReturnKeyAutomatically={undefined}
        keyboardAppearance={undefined}
        keyboardType={undefined}
        maxLength={undefined}
        multiline={undefined}
        numberOfLines={undefined}
        onBlur={undefined}
        onChange={undefined}
        onChangeText={[Function onChangeText]}
        onEndEditing={undefined}
        onFocus={undefined}
        onKeyPress={undefined}
        onLayout={undefined}
        onSelectionChange={undefined}
        onSubmitEditing={undefined}
        placeholder={undefined}
        placeholderTextColor={undefined}
        returnKeyType={undefined}
        secureTextEntry={undefined}
        selectTextOnFocus={undefined}
        selectionColor={undefined}
        selectionState={undefined}
        style={
          Object {
            "borderColor": "#cccccc",
            "borderRadius": 4,
            "borderWidth": 1,
            "color": "#000000",
            "fontSize": 17,
            "height": 36,
            "marginBottom": 5,
            "padding": 7
          }
        }
        underlineColorAndroid={undefined}
        value="O's" />
    </View>
    <View
      style={
        Object {
          "marginBottom": 10
        }
      }>
      <Text
        style={
          Object {
            "color": "#000000",
            "fontSize": 17,
            "fontWeight": "500",
            "marginBottom": 7
          }
        }>
        why
      </Text>
      <TextInput
        accessibilityLabel="why"
        autoCapitalize={undefined}
        autoCorrect={undefined}
        autoFocus={undefined}
        blurOnSubmit={undefined}
        clearButtonMode={undefined}
        clearTextOnFocus={undefined}
        editable={undefined}
        enablesReturnKeyAutomatically={undefined}
        keyboardAppearance={undefined}
        keyboardType={undefined}
        maxLength={undefined}
        multiline={undefined}
        numberOfLines={undefined}
        onBlur={undefined}
        onChange={undefined}
        onChangeText={[Function onChangeText]}
        onEndEditing={undefined}
        onFocus={undefined}
        onKeyPress={undefined}
        onLayout={undefined}
        onSelectionChange={undefined}
        onSubmitEditing={undefined}
        placeholder={undefined}
        placeholderTextColor={undefined}
        returnKeyType={undefined}
        secureTextEntry={undefined}
        selectTextOnFocus={undefined}
        selectionColor={undefined}
        selectionState={undefined}
        style={
          Object {
            "borderColor": "#cccccc",
            "borderRadius": 4,
            "borderWidth": 1,
            "color": "#000000",
            "fontSize": 17,
            "height": 36,
            "marginBottom": 5,
            "padding": 7
          }
        }
        underlineColorAndroid={undefined}
        value="testing" />
    </View>
  </View>
  <View>
    <Text
      style={
        Object {
          "fontSize": 17,
          "fontWeight": "500",
          "marginBottom": 7
        }
      }>
      Location
    </Text>
    <View
      style={
        Object {
          "backgroundColor": "rgba(0,0,0,0)",
          "flex": 1,
          "height": 300,
          "marginBottom": 10
        }
      }>
      <View
        style={
          Array [
            Object {
              "alignSelf": "flex-start",
              "borderColor": "red",
              "borderWidth": 1
            },
            Object {
              "bottom": 0,
              "left": 0,
              "position": "absolute",
              "right": 0,
              "top": 0
            }
          ]
        }>
        <View
          style={
            Array [
              Object {
                "alignSelf": "flex-start",
                "borderColor": "red",
                "borderWidth": 1
              },
              Array [
                Object {
                  "backgroundColor": "transparent",
                  "position": "absolute"
                },
                undefined
              ]
            ]
          } />
      </View>
      <Text
        onPress={[Function bound onReset]}
        style={
          Object {
            "fontSize": 12,
            "position": "absolute",
            "right": 10,
            "textDecorationLine": "underline",
            "top": 10
          }
        }>
        Reset
      </Text>
    </View>
  </View>
  <View
    accessibilityComponentType={undefined}
    accessibilityLabel={undefined}
    accessibilityTraits={undefined}
    accessible={true}
    hitSlop={undefined}
    onLayout={undefined}
    onResponderGrant={[Function bound touchableHandleResponderGrant]}
    onResponderMove={[Function bound touchableHandleResponderMove]}
    onResponderRelease={[Function bound touchableHandleResponderRelease]}
    onResponderTerminate={[Function bound touchableHandleResponderTerminate]}
    onResponderTerminationRequest={[Function bound touchableHandleResponderTerminationRequest]}
    onStartShouldSetResponder={[Function bound touchableHandleStartShouldSetResponder]}
    style={
      Object {
        "alignSelf": "stretch",
        "backgroundColor": "#35507D",
        "borderColor": "#35507D",
        "borderRadius": 5,
        "borderWidth": 1,
        "height": 36,
        "justifyContent": "center",
        "margin": 0,
        "marginBottom": 10,
        "opacity": 1,
        "padding": 5
      }
    }
    testID={undefined}>
    <Text
      style={
        Array [
          Object {
            "color": "#007aff",
            "fontFamily": ".HelveticaNeueInterface-MediumP4",
            "fontSize": 17,
            "fontWeight": "bold",
            "textAlign": "center"
          },
          null,
          Object {
            "alignSelf": "center",
            "color": "white",
            "fontSize": 16
          },
          null
        ]
      }>
      Save
    </Text>
  </View>
</ScrollView>
`;
