exports[`<FeatureData /> renders correctly 1`] = `
<ScrollView
  style={
    Object {
      "backgroundColor": "#fff",
      "flex": 1,
      "flexDirection": "column",
      "marginTop": -1
    }
  }>
  <View
    style={
      Object {
        "backgroundColor": "#fff",
        "flexDirection": "column"
      }
    }>
    <View
      style={
        Object {
          "alignItems": "flex-start",
          "backgroundColor": "#f0f1f4",
          "borderBottomWidth": 0,
          "borderColor": "#dddddd",
          "borderTopWidth": 0,
          "justifyContent": "center",
          "padding": 10
        }
      }>
      <Text
        accessible={true}
        allowFontScaling={true}
        ellipsizeMode="tail"
        numberOfLines={1}
        style={
          Object {
            "fontSize": 14,
            "fontWeight": "bold"
          }
        }>
        Metadata
      </Text>
    </View>
    <View
      style={
        Object {
          "alignItems": "flex-start",
          "flex": 1,
          "justifyContent": "center",
          "padding": 10
        }
      }>
      <View>
        <Text
          accessible={true}
          allowFontScaling={true}
          ellipsizeMode="tail">
          <Text
            accessible={true}
            allowFontScaling={true}
            ellipsizeMode="tail"
            style={
              Object {
                "fontSize": 12,
                "fontWeight": "bold"
              }
            }>
            ID
            
          </Text>
          <Text
            accessible={true}
            allowFontScaling={true}
            ellipsizeMode="tail"
            style={
              Object {
                "fontSize": 12
              }
            }>
            (null).REVGQVVMVF9TVE9SRS1CRDhDOUE5OC1DODg5LTQyNUYtQkY5Ni1EQ0IxNzE2NEM4Q0M=.NQ==
          </Text>
        </Text>
        <Text
          accessible={true}
          allowFontScaling={true}
          ellipsizeMode="tail">
          <Text
            accessible={true}
            allowFontScaling={true}
            ellipsizeMode="tail"
            style={
              Object {
                "fontSize": 12,
                "fontWeight": "bold"
              }
            }>
            created_at
            
          </Text>
          <Text
            accessible={true}
            allowFontScaling={true}
            ellipsizeMode="tail"
            style={
              Object {
                "fontSize": 12
              }
            }>
            2016-06-17 14:30:52 EDT
          </Text>
        </Text>
        <Text
          accessible={true}
          allowFontScaling={true}
          ellipsizeMode="tail">
          <Text
            accessible={true}
            allowFontScaling={true}
            ellipsizeMode="tail"
            style={
              Object {
                "fontSize": 12,
                "fontWeight": "bold"
              }
            }>
            client
            
          </Text>
          <Text
            accessible={true}
            allowFontScaling={true}
            ellipsizeMode="tail"
            style={
              Object {
                "fontSize": 12
              }
            }>
            BD8C9A98-C889-425F-BF96-DCB17164C8CC
          </Text>
        </Text>
      </View>
    </View>
  </View>
  <View
    style={
      Object {
        "backgroundColor": "#fff",
        "flexDirection": "column"
      }
    }>
    <View
      style={
        Object {
          "alignItems": "flex-start",
          "backgroundColor": "#f0f1f4",
          "borderBottomWidth": 0,
          "borderColor": "#dddddd",
          "borderTopWidth": 0,
          "justifyContent": "center",
          "padding": 10
        }
      }>
      <Text
        accessible={true}
        allowFontScaling={true}
        ellipsizeMode="tail"
        numberOfLines={1}
        style={
          Object {
            "fontSize": 14,
            "fontWeight": "bold"
          }
        }>
        Location
      </Text>
    </View>
    <View
      style={
        Object {
          "alignItems": "flex-start",
          "flex": 1,
          "justifyContent": "center",
          "padding": 10
        }
      }>
      <View>
        <Text
          accessible={true}
          allowFontScaling={true}
          ellipsizeMode="tail">
          <Text
            accessible={true}
            allowFontScaling={true}
            ellipsizeMode="tail"
            style={
              Object {
                "fontSize": 12,
                "fontWeight": "bold"
              }
            }>
            Latitude
            
          </Text>
          <Text
            accessible={true}
            allowFontScaling={true}
            ellipsizeMode="tail"
            style={
              Object {
                "fontSize": 12
              }
            }>
            38.35388793147947
          </Text>
        </Text>
        <Text
          accessible={true}
          allowFontScaling={true}
          ellipsizeMode="tail">
          <Text
            accessible={true}
            allowFontScaling={true}
            ellipsizeMode="tail"
            style={
              Object {
                "fontSize": 12,
                "fontWeight": "bold"
              }
            }>
            Longitude
            
          </Text>
          <Text
            accessible={true}
            allowFontScaling={true}
            ellipsizeMode="tail"
            style={
              Object {
                "fontSize": 12
              }
            }>
            -75.61079864397236
          </Text>
        </Text>
      </View>
    </View>
  </View>
  <View
    style={
      Object {
        "backgroundColor": "#fff",
        "flexDirection": "column"
      }
    }>
    <View
      style={
        Object {
          "alignItems": "flex-start",
          "backgroundColor": "#f0f1f4",
          "borderBottomWidth": 0,
          "borderColor": "#dddddd",
          "borderTopWidth": 0,
          "justifyContent": "center",
          "padding": 10
        }
      }>
      <Text
        accessible={true}
        allowFontScaling={true}
        ellipsizeMode="tail"
        numberOfLines={1}
        style={
          Object {
            "fontSize": 14,
            "fontWeight": "bold"
          }
        }>
        Properties
      </Text>
    </View>
    <View
      style={
        Object {
          "alignItems": "flex-start",
          "flex": 1,
          "justifyContent": "center",
          "padding": 10
        }
      }>
      <View>
        <Text
          accessible={true}
          allowFontScaling={true}
          ellipsizeMode="tail">
          <Text
            accessible={true}
            allowFontScaling={true}
            ellipsizeMode="tail"
            style={
              Object {
                "fontSize": 12,
                "fontWeight": "bold"
              }
            }>
            team
            
          </Text>
          <Text
            accessible={true}
            allowFontScaling={true}
            ellipsizeMode="tail"
            style={
              Object {
                "fontSize": 12
              }
            }>
            O\'s
          </Text>
        </Text>
        <Text
          accessible={true}
          allowFontScaling={true}
          ellipsizeMode="tail">
          <Text
            accessible={true}
            allowFontScaling={true}
            ellipsizeMode="tail"
            style={
              Object {
                "fontSize": 12,
                "fontWeight": "bold"
              }
            }>
            why
            
          </Text>
          <Text
            accessible={true}
            allowFontScaling={true}
            ellipsizeMode="tail"
            style={
              Object {
                "fontSize": 12
              }
            }>
            testing
          </Text>
        </Text>
      </View>
    </View>
  </View>
</ScrollView>
`;
