exports[`<FeatureEdit /> renders correctly 1`] = `
<ScrollView
  style={
    Object {
      "backgroundColor": "#e4e7ec",
      "flex": 1,
      "marginTop": 0,
      "padding": 10,
    }
  }>
  <View
    style={Object {}}>
    <View
      style={
        Object {
          "marginBottom": 10,
        }
      }>
      <View
        style={
          Object {
            "flex": 1,
            "flexDirection": "row",
            "flexWrap": "wrap",
            "justifyContent": "space-between",
          }
        }>
        <Text
          accessible={true}
          allowFontScaling={true}
          ellipsizeMode="tail"
          style={
            Object {
              "flex": 1,
              "flexWrap": "wrap",
              "fontSize": 17,
              "fontWeight": "500",
              "marginBottom": 7,
            }
          }>
          team
        </Text>
        <Text
          accessible={true}
          allowFontScaling={true}
          ellipsizeMode="tail"
          style={
            Object {
              "color": "#999999",
              "flex": 0.3,
              "textAlign": "right",
            }
          }>
          text
        </Text>
      </View>
      <TextInput
        accessibilityLabel="team"
        autoCapitalize={undefined}
        autoCorrect={undefined}
        autoFocus={undefined}
        blurOnSubmit={undefined}
        clearButtonMode={undefined}
        clearTextOnFocus={undefined}
        editable={undefined}
        enablesReturnKeyAutomatically={undefined}
        keyboardAppearance={undefined}
        keyboardType={undefined}
        maxLength={undefined}
        multiline={undefined}
        numberOfLines={undefined}
        onBlur={undefined}
        onChange={undefined}
        onChangeText={[Function]}
        onEndEditing={undefined}
        onFocus={undefined}
        onKeyPress={undefined}
        onLayout={undefined}
        onSelectionChange={undefined}
        onSubmitEditing={undefined}
        placeholder={undefined}
        placeholderTextColor={undefined}
        returnKeyType={undefined}
        secureTextEntry={undefined}
        selectTextOnFocus={undefined}
        selectionColor={undefined}
        selectionState={undefined}
        style={
          Object {
            "borderColor": "#cccccc",
            "borderRadius": 4,
            "borderWidth": 1,
            "color": "#000000",
            "fontSize": 17,
            "height": 36,
            "marginBottom": 5,
            "padding": 7,
          }
        }
        underlineColorAndroid="transparent"
        value="O\'s" />
    </View>
    <View
      style={
        Object {
          "marginBottom": 10,
        }
      }>
      <View
        style={
          Object {
            "flex": 1,
            "flexDirection": "row",
            "flexWrap": "wrap",
            "justifyContent": "space-between",
          }
        }>
        <Text
          accessible={true}
          allowFontScaling={true}
          ellipsizeMode="tail"
          style={
            Object {
              "flex": 1,
              "flexWrap": "wrap",
              "fontSize": 17,
              "fontWeight": "500",
              "marginBottom": 7,
            }
          }>
          why
        </Text>
        <Text
          accessible={true}
          allowFontScaling={true}
          ellipsizeMode="tail"
          style={
            Object {
              "color": "#999999",
              "flex": 0.3,
              "textAlign": "right",
            }
          }>
          text
        </Text>
      </View>
      <TextInput
        accessibilityLabel="why"
        autoCapitalize={undefined}
        autoCorrect={undefined}
        autoFocus={undefined}
        blurOnSubmit={undefined}
        clearButtonMode={undefined}
        clearTextOnFocus={undefined}
        editable={undefined}
        enablesReturnKeyAutomatically={undefined}
        keyboardAppearance={undefined}
        keyboardType={undefined}
        maxLength={undefined}
        multiline={undefined}
        numberOfLines={undefined}
        onBlur={undefined}
        onChange={undefined}
        onChangeText={[Function]}
        onEndEditing={undefined}
        onFocus={undefined}
        onKeyPress={undefined}
        onLayout={undefined}
        onSelectionChange={undefined}
        onSubmitEditing={undefined}
        placeholder={undefined}
        placeholderTextColor={undefined}
        returnKeyType={undefined}
        secureTextEntry={undefined}
        selectTextOnFocus={undefined}
        selectionColor={undefined}
        selectionState={undefined}
        style={
          Object {
            "borderColor": "#cccccc",
            "borderRadius": 4,
            "borderWidth": 1,
            "color": "#000000",
            "fontSize": 17,
            "height": 36,
            "marginBottom": 5,
            "padding": 7,
          }
        }
        underlineColorAndroid="transparent"
        value="testing" />
    </View>
  </View>
  <View />
</ScrollView>
`;
