exports[`<FormList /> renders correctly 1`] = `
<View
  style={
    Object {
      "backgroundColor": "#e4e7ec",
      "flex": 1,
      "flexDirection": "column",
      "justifyContent": "center",
      "padding": 0
    }
  }>
  <ListView
    dataSource={
      ListViewDataSource {
        "_cachedRowCount": 3,
        "_dataBlob": Object {
          "s1": Array [
            Object {
              "fields": Array [
                Object {
                  "field_key": "weed_stage",
                  "field_label": "Weed Stage",
                  "id": 1,
                  "is_integer": false,
                  "is_required": true,
                  "position": 0,
                  "type": "number"
                },
                Object {
                  "field_key": "number_of_plants",
                  "field_label": "Number of Plants",
                  "id": 2,
                  "initial_value": "0",
                  "position": 1,
                  "type": "counter"
                },
                Object {
                  "field_key": "infestation_size",
                  "field_label": "Infestation Size",
                  "id": 3,
                  "initial_value": "0",
                  "maximum": "100",
                  "minimum": "0",
                  "position": 2,
                  "type": "slider"
                },
                Object {
                  "field_key": "degree",
                  "field_label": "Degree",
                  "id": 4,
                  "initial_value": "0",
                  "is_required": true,
                  "minimum": "0",
                  "position": 3,
                  "type": "counter"
                },
                Object {
                  "field_key": "density",
                  "field_label": "Density",
                  "id": 5,
                  "initial_value": "0",
                  "maximum": "100",
                  "minimum": "0",
                  "position": 4,
                  "type": "slider"
                },
                Object {
                  "field_key": "source",
                  "field_label": "Source",
                  "id": 6,
                  "is_required": true,
                  "pattern": "",
                  "position": 5,
                  "type": "string"
                },
                Object {
                  "field_key": "date_discovered",
                  "field_label": "Data Discovered",
                  "id": 7,
                  "position": 6,
                  "type": "date"
                },
                Object {
                  "field_key": "common_name",
                  "field_label": "Common Name",
                  "id": 8,
                  "is_required": true,
                  "pattern": "",
                  "position": 7,
                  "type": "string"
                },
                Object {
                  "field_key": "genus",
                  "field_label": "Genus",
                  "id": 9,
                  "is_required": true,
                  "pattern": "",
                  "position": 8,
                  "type": "string"
                },
                Object {
                  "field_key": "species",
                  "field_label": "Species",
                  "id": 10,
                  "pattern": "",
                  "position": 9,
                  "type": "string"
                },
                Object {
                  "field_key": "scientific_name",
                  "field_label": "Scientific Name",
                  "id": 11,
                  "pattern": "",
                  "position": 10,
                  "type": "string"
                },
                Object {
                  "field_key": "class",
                  "field_label": "Class",
                  "id": 12,
                  "pattern": "",
                  "position": 11,
                  "type": "string"
                }
              ],
              "form_key": "weed_inspector",
              "form_label": "Weed Inspector",
              "id": 1,
              "version": 0
            },
            Object {
              "fields": Array [
                Object {
                  "field_key": "team",
                  "field_label": "Favorite?",
                  "id": 13,
                  "position": 0,
                  "type": "string"
                },
                Object {
                  "field_key": "why",
                  "field_label": "Why?",
                  "id": 14,
                  "position": 1,
                  "type": "string"
                }
              ],
              "form_key": "baseball_team",
              "form_label": "Baseball Team",
              "id": 2,
              "version": 0
            },
            Object {
              "fields": Array [
                Object {
                  "field_key": "bird_count",
                  "field_label": "Bird Count",
                  "id": 18,
                  "initial_value": "0",
                  "is_required": true,
                  "position": 1,
                  "type": "counter"
                },
                Object {
                  "field_key": "bird_species",
                  "field_label": "Bird Species",
                  "id": 17,
                  "is_required": true,
                  "pattern": "",
                  "position": 0,
                  "type": "string"
                }
              ],
              "form_key": "bird_counter",
              "form_label": "Bird Counter",
              "id": 5,
              "version": 3
            }
          ]
        },
        "_dirtyRows": Array [
          Array [
            true,
            true,
            true
          ]
        ],
        "_dirtySections": Array [
          true
        ],
        "_getRowData": [Function defaultGetRowData],
        "_getSectionHeaderData": [Function defaultGetSectionHeaderData],
        "_rowHasChanged": [Function rowHasChanged],
        "_sectionHeaderHasChanged": [Function anonymous],
        "rowIdentities": Array [
          Array [
            "0",
            "1",
            "2"
          ]
        ],
        "sectionIdentities": Array [
          "s1"
        ]
      }
    }
    enableEmptySections={true}
    renderRow={[Function bound renderRow]}
    renderSeparator={[Function bound renderSeparator]}
    style={
      Object {
        "flex": 1
      }
    } />
</View>
`;
