exports[`<SCForm /> renders correctly - Baseball Team 1`] = `
<View
  style={
    Object {
      "flex": 1,
      "flexDirection": "column",
      "justifyContent": "center",
      "marginTop": 0
    }
  }>
  <ScrollView
    style={
      Object {
        "flex": 1
      }
    }>
    <View
      style={
        Object {
          "backgroundColor": "white",
          "borderBottomWidth": 1,
          "borderColor": "#bbb",
          "paddingBottom": 5,
          "paddingLeft": 20,
          "paddingRight": 20,
          "paddingTop": 5
        }
      }>
      <Text
        style={
          Object {
            "color": "#333",
            "fontSize": 24
          }
        }>
        Baseball Team
      </Text>
    </View>
    <View
      style={
        Object {
          "padding": 20
        }
      }>
      <View
        style={Object {}}>
        <View
          style={
            Object {
              "marginBottom": 10
            }
          }>
          <Text
            style={
              Object {
                "color": "#000000",
                "fontSize": 17,
                "fontWeight": "500",
                "marginBottom": 7
              }
            }>
            Favorite?
          </Text>
          <TextInput
            accessibilityLabel="Favorite?"
            autoCapitalize={undefined}
            autoCorrect={undefined}
            autoFocus={undefined}
            blurOnSubmit={undefined}
            clearButtonMode={undefined}
            clearTextOnFocus={undefined}
            editable={undefined}
            enablesReturnKeyAutomatically={undefined}
            keyboardAppearance={undefined}
            keyboardType={undefined}
            maxLength={undefined}
            multiline={undefined}
            numberOfLines={undefined}
            onBlur={undefined}
            onChange={undefined}
            onChangeText={[Function onChangeText]}
            onEndEditing={undefined}
            onFocus={undefined}
            onKeyPress={undefined}
            onLayout={undefined}
            onSelectionChange={undefined}
            onSubmitEditing={undefined}
            placeholder={undefined}
            placeholderTextColor={undefined}
            returnKeyType={undefined}
            secureTextEntry={undefined}
            selectTextOnFocus={undefined}
            selectionColor={undefined}
            selectionState={undefined}
            style={
              Object {
                "backgroundColor": "#ffffff",
                "borderColor": "#cccccc",
                "borderRadius": 4,
                "borderWidth": 1,
                "color": "#000000",
                "fontSize": 17,
                "height": 36,
                "marginBottom": 5,
                "padding": 7
              }
            }
            underlineColorAndroid={undefined}
            value="" />
        </View>
        <View
          style={
            Object {
              "marginBottom": 10
            }
          }>
          <Text
            style={
              Object {
                "color": "#000000",
                "fontSize": 17,
                "fontWeight": "500",
                "marginBottom": 7
              }
            }>
            Why?
          </Text>
          <TextInput
            accessibilityLabel="Why?"
            autoCapitalize={undefined}
            autoCorrect={undefined}
            autoFocus={undefined}
            blurOnSubmit={undefined}
            clearButtonMode={undefined}
            clearTextOnFocus={undefined}
            editable={undefined}
            enablesReturnKeyAutomatically={undefined}
            keyboardAppearance={undefined}
            keyboardType={undefined}
            maxLength={undefined}
            multiline={undefined}
            numberOfLines={undefined}
            onBlur={undefined}
            onChange={undefined}
            onChangeText={[Function onChangeText]}
            onEndEditing={undefined}
            onFocus={undefined}
            onKeyPress={undefined}
            onLayout={undefined}
            onSelectionChange={undefined}
            onSubmitEditing={undefined}
            placeholder={undefined}
            placeholderTextColor={undefined}
            returnKeyType={undefined}
            secureTextEntry={undefined}
            selectTextOnFocus={undefined}
            selectionColor={undefined}
            selectionState={undefined}
            style={
              Object {
                "backgroundColor": "#ffffff",
                "borderColor": "#cccccc",
                "borderRadius": 4,
                "borderWidth": 1,
                "color": "#000000",
                "fontSize": 17,
                "height": 36,
                "marginBottom": 5,
                "padding": 7
              }
            }
            underlineColorAndroid={undefined}
            value="" />
        </View>
      </View>
      <View
        accessibilityComponentType={undefined}
        accessibilityLabel={undefined}
        accessibilityTraits={undefined}
        accessible={true}
        hitSlop={undefined}
        onLayout={undefined}
        onResponderGrant={[Function bound touchableHandleResponderGrant]}
        onResponderMove={[Function bound touchableHandleResponderMove]}
        onResponderRelease={[Function bound touchableHandleResponderRelease]}
        onResponderTerminate={[Function bound touchableHandleResponderTerminate]}
        onResponderTerminationRequest={[Function bound touchableHandleResponderTerminationRequest]}
        onStartShouldSetResponder={[Function bound touchableHandleStartShouldSetResponder]}
        style={
          Object {
            "alignSelf": "stretch",
            "backgroundColor": "#35507D",
            "borderColor": "#35507D",
            "borderRadius": 5,
            "borderWidth": 1,
            "height": 36,
            "justifyContent": "center",
            "margin": 0,
            "marginBottom": 10,
            "opacity": 1,
            "padding": 5
          }
        }
        testID={undefined}>
        <Text
          style={
            Array [
              Object {
                "color": "#007aff",
                "fontFamily": ".HelveticaNeueInterface-MediumP4",
                "fontSize": 17,
                "fontWeight": "bold",
                "textAlign": "center"
              },
              null,
              Object {
                "alignSelf": "center",
                "color": "white",
                "fontSize": 16
              },
              null
            ]
          }>
          Submit
        </Text>
      </View>
    </View>
  </ScrollView>
</View>
`;
