exports[`<MapView /> renders correctly 1`] = `
<View
  style={
    Object {
      "flex": 1,
      "flexDirection": "column",
      "justifyContent": "space-between"
    }
  }>
  <View
    style={
      Object {
        "alignItems": "center",
        "flex": 1,
        "justifyContent": "flex-end"
      }
    }>
    <View
      style={
        Array [
          Object {
            "alignSelf": "flex-start",
            "borderColor": "red",
            "borderWidth": 1
          },
          Object {
            "bottom": 0,
            "left": 0,
            "position": "absolute",
            "right": 0,
            "top": 0
          }
        ]
      }>
      <View
        style={
          Array [
            Object {
              "alignSelf": "flex-start",
              "borderColor": "red",
              "borderWidth": 1
            },
            undefined
          ]
        } />
    </View>
  </View>
  <View
    style={
      Object {
        "bottom": 0,
        "flexDirection": "row",
        "height": 50,
        "justifyContent": "space-around",
        "left": 0,
        "position": "absolute",
        "right": 0
      }
    }>
    <View
      accessibilityComponentType={undefined}
      accessibilityLabel={undefined}
      accessibilityTraits={undefined}
      accessible={true}
      hitSlop={undefined}
      onLayout={undefined}
      onResponderGrant={[Function bound touchableHandleResponderGrant]}
      onResponderMove={[Function bound touchableHandleResponderMove]}
      onResponderRelease={[Function bound touchableHandleResponderRelease]}
      onResponderTerminate={[Function bound touchableHandleResponderTerminate]}
      onResponderTerminationRequest={[Function bound touchableHandleResponderTerminationRequest]}
      onStartShouldSetResponder={[Function bound touchableHandleStartShouldSetResponder]}
      style={
        Object {
          "alignSelf": "stretch",
          "backgroundColor": "#35507D",
          "borderColor": "#35507D",
          "borderRadius": 5,
          "borderWidth": 1,
          "height": 36,
          "justifyContent": "center",
          "margin": 0,
          "marginBottom": 10,
          "opacity": 1,
          "padding": 5
        }
      }
      testID={undefined}>
      <Text
        style={
          Array [
            Object {
              "color": "#007aff",
              "fontFamily": ".HelveticaNeueInterface-MediumP4",
              "fontSize": 17,
              "fontWeight": "bold",
              "textAlign": "center"
            },
            null,
            Object {
              "alignSelf": "center",
              "color": "white",
              "fontSize": 16
            },
            null
          ]
        }>
        Load Stores
      </Text>
    </View>
    <View
      accessibilityComponentType={undefined}
      accessibilityLabel={undefined}
      accessibilityTraits={undefined}
      accessible={true}
      hitSlop={undefined}
      onLayout={undefined}
      onResponderGrant={[Function bound touchableHandleResponderGrant]}
      onResponderMove={[Function bound touchableHandleResponderMove]}
      onResponderRelease={[Function bound touchableHandleResponderRelease]}
      onResponderTerminate={[Function bound touchableHandleResponderTerminate]}
      onResponderTerminationRequest={[Function bound touchableHandleResponderTerminationRequest]}
      onStartShouldSetResponder={[Function bound touchableHandleStartShouldSetResponder]}
      style={
        Object {
          "alignSelf": "stretch",
          "backgroundColor": "#35507D",
          "borderColor": "#35507D",
          "borderRadius": 5,
          "borderWidth": 1,
          "height": 36,
          "justifyContent": "center",
          "margin": 0,
          "marginBottom": 10,
          "opacity": 1,
          "padding": 5
        }
      }
      testID={undefined}>
      <Text
        style={
          Array [
            Object {
              "color": "#007aff",
              "fontFamily": ".HelveticaNeueInterface-MediumP4",
              "fontSize": 17,
              "fontWeight": "bold",
              "textAlign": "center"
            },
            null,
            Object {
              "alignSelf": "center",
              "color": "white",
              "fontSize": 16
            },
            null
          ]
        }>
        Load Forms
      </Text>
    </View>
  </View>
</View>
`;
